Component: ARM Compiler 5.05 update 1 (build 106) Tool: armlink [4d0efa]

==============================================================================

Section Cross References

    startup_mkl25z4.o(RESET) refers to startup_mkl25z4.o(STACK) for __initial_sp
    startup_mkl25z4.o(RESET) refers to startup_mkl25z4.o(.text) for Reset_Handler
    startup_mkl25z4.o(RESET) refers to timers.o(.text) for LPTimer_IRQHandler
    startup_mkl25z4.o(.text) refers to system_mkl25z4.o(.text) for SystemInit
    startup_mkl25z4.o(.text) refers to entry.o(.ARM.Collect$$$$00000000) for __main
    system_mkl25z4.o(.text) refers to uidiv.o(.text) for __aeabi_uidivmod
    system_mkl25z4.o(.text) refers to system_mkl25z4.o(.data) for .data
    main.o(.text) refers to leds.o(.text) for Init_RGB_LEDs
    main.o(.text) refers to adc.o(.text) for Init_ADC
    main.o(.text) refers to timers.o(.text) for Init_LPTMR
    main.o(.text) refers to mma8451.o(.text) for read_full_xyz
    leds.o(.text) refers to delay.o(.text) for Delay
    timers.o(.text) refers to leds.o(.text) for Control_RGB_LEDs
    timers.o(.text) refers to timers.o(.data) for .data
    adc.o(.text) refers to ffltui.o(.text) for __aeabi_ui2f
    adc.o(.text) refers to fdiv.o(.text) for __aeabi_fdiv
    mma8451.o(.text) refers to i2c.o(.text) for i2c_read_byte
    mma8451.o(.text) refers to delay.o(.text) for Delay
    mma8451.o(.text) refers to fdiv.o(.text) for __aeabi_fdiv
    mma8451.o(.text) refers to fadd.o(.text) for __aeabi_fadd
    mma8451.o(.text) refers to fscalb.o(.text) for __ARM_scalbnf
    mma8451.o(.text) refers to fmul.o(.text) for __aeabi_fmul
    mma8451.o(.text) refers to fflti.o(.text) for __aeabi_i2f
    mma8451.o(.text) refers to mma8451.o(.data) for .data
    entry.o(.ARM.Collect$$$$00000000) refers (Special) to entry10a.o(.ARM.Collect$$$$0000000D) for __rt_final_cpp
    entry.o(.ARM.Collect$$$$00000000) refers (Special) to entry11a.o(.ARM.Collect$$$$0000000F) for __rt_final_exit
    entry.o(.ARM.Collect$$$$00000000) refers (Special) to entry7b.o(.ARM.Collect$$$$00000008) for _main_clock
    entry.o(.ARM.Collect$$$$00000000) refers (Special) to entry8b.o(.ARM.Collect$$$$0000000A) for _main_cpp_init
    entry.o(.ARM.Collect$$$$00000000) refers (Special) to entry9a.o(.ARM.Collect$$$$0000000B) for _main_init
    entry.o(.ARM.Collect$$$$00000000) refers (Special) to entry5.o(.ARM.Collect$$$$00000004) for _main_scatterload
    entry.o(.ARM.Collect$$$$00000000) refers (Special) to entry2.o(.ARM.Collect$$$$00000001) for _main_stk
    fadd.o(.text) refers (Special) to iusefp.o(.text) for __I$use$fp
    fadd.o(.text) refers to fepilogue.o(.text) for _float_epilogue
    fmul.o(.text) refers (Special) to iusefp.o(.text) for __I$use$fp
    fdiv.o(.text) refers (Special) to iusefp.o(.text) for __I$use$fp
    fdiv.o(.text) refers to fepilogue.o(.text) for _float_round
    fscalb.o(.text) refers (Special) to iusefp.o(.text) for __I$use$fp
    fflti.o(.text) refers (Special) to iusefp.o(.text) for __I$use$fp
    fflti.o(.text) refers to fepilogue.o(.text) for _float_epilogue
    ffltui.o(.text) refers (Special) to iusefp.o(.text) for __I$use$fp
    ffltui.o(.text) refers to fepilogue.o(.text) for _float_epilogue
    entry2.o(.ARM.Collect$$$$00000001) refers to entry2.o(.ARM.Collect$$$$00002712) for __lit__00000000
    entry2.o(.ARM.Collect$$$$00002712) refers to startup_mkl25z4.o(STACK) for __initial_sp
    entry2.o(__vectab_stack_and_reset_area) refers to startup_mkl25z4.o(STACK) for __initial_sp
    entry2.o(__vectab_stack_and_reset_area) refers to entry.o(.ARM.Collect$$$$00000000) for __main
    entry5.o(.ARM.Collect$$$$00000004) refers to init.o(.text) for __scatterload
    entry9a.o(.ARM.Collect$$$$0000000B) refers to main.o(.text) for main
    entry9b.o(.ARM.Collect$$$$0000000C) refers to main.o(.text) for main
    init.o(.text) refers to entry5.o(.ARM.Collect$$$$00000004) for __main_after_scatterload


==============================================================================

Removing Unused input sections from the image.

    Removing startup_mkl25z4.o(HEAP), (0 bytes).
    Removing system_mkl25z4.o(.rev16_text), (4 bytes).
    Removing system_mkl25z4.o(.revsh_text), (4 bytes).
    Removing main.o(.rev16_text), (4 bytes).
    Removing main.o(.revsh_text), (4 bytes).
    Removing leds.o(.rev16_text), (4 bytes).
    Removing leds.o(.revsh_text), (4 bytes).
    Removing timers.o(.rev16_text), (4 bytes).
    Removing timers.o(.revsh_text), (4 bytes).
    Removing timers.o(.data), (1 bytes).
    Removing delay.o(.rev16_text), (4 bytes).
    Removing delay.o(.revsh_text), (4 bytes).
    Removing adc.o(.rev16_text), (4 bytes).
    Removing adc.o(.revsh_text), (4 bytes).
    Removing i2c.o(.rev16_text), (4 bytes).
    Removing i2c.o(.revsh_text), (4 bytes).
    Removing mma8451.o(.rev16_text), (4 bytes).
    Removing mma8451.o(.revsh_text), (4 bytes).
    Removing mma8451.o(.data), (2 bytes).
    Removing mma8451.o(.data), (2 bytes).
    Removing mma8451.o(.data), (2 bytes).

21 unused section(s) (total 71 bytes) removed from the image.

==============================================================================

Image Symbol Table

    Local Symbols

    Symbol Name                              Value     Ov Type        Size  Object(Section)

    RESET                                    0x00000000   Section      192  startup_mkl25z4.o(RESET)
    ../clib/microlib/division.c              0x00000000   Number         0  uidiv.o ABSOLUTE
    ../clib/microlib/init/entry.s            0x00000000   Number         0  entry11a.o ABSOLUTE
    ../clib/microlib/init/entry.s            0x00000000   Number         0  entry10b.o ABSOLUTE
    ../clib/microlib/init/entry.s            0x00000000   Number         0  entry10a.o ABSOLUTE
    ../clib/microlib/init/entry.s            0x00000000   Number         0  entry9b.o ABSOLUTE
    ../clib/microlib/init/entry.s            0x00000000   Number         0  entry9a.o ABSOLUTE
    ../clib/microlib/init/entry.s            0x00000000   Number         0  entry8b.o ABSOLUTE
    ../clib/microlib/init/entry.s            0x00000000   Number         0  entry8a.o ABSOLUTE
    ../clib/microlib/init/entry.s            0x00000000   Number         0  entry11b.o ABSOLUTE
    ../clib/microlib/init/entry.s            0x00000000   Number         0  entry2.o ABSOLUTE
    ../clib/microlib/init/entry.s            0x00000000   Number         0  entry7b.o ABSOLUTE
    ../clib/microlib/init/entry.s            0x00000000   Number         0  entry7a.o ABSOLUTE
    ../clib/microlib/init/entry.s            0x00000000   Number         0  entry.o ABSOLUTE
    ../clib/microlib/init/entry.s            0x00000000   Number         0  entry5.o ABSOLUTE
    ../clib/microlib/stubs.s                 0x00000000   Number         0  iusefp.o ABSOLUTE
    ../fplib/microlib/fpadd.c                0x00000000   Number         0  fadd.o ABSOLUTE
    ../fplib/microlib/fpdiv.c                0x00000000   Number         0  fdiv.o ABSOLUTE
    ../fplib/microlib/fpepilogue.c           0x00000000   Number         0  fepilogue.o ABSOLUTE
    ../fplib/microlib/fpflt.c                0x00000000   Number         0  ffltui.o ABSOLUTE
    ../fplib/microlib/fpflt.c                0x00000000   Number         0  fflti.o ABSOLUTE
    ../fplib/microlib/fpmul.c                0x00000000   Number         0  fmul.o ABSOLUTE
    ../fplib/microlib/fpscalb.c              0x00000000   Number         0  fscalb.o ABSOLUTE
    dc.s                                     0x00000000   Number         0  dc.o ABSOLUTE
    handlers.s                               0x00000000   Number         0  handlers.o ABSOLUTE
    init.s                                   0x00000000   Number         0  init.o ABSOLUTE
    src\ADC.c                                0x00000000   Number         0  adc.o ABSOLUTE
    src\LEDs.c                               0x00000000   Number         0  leds.o ABSOLUTE
    src\\ADC.c                               0x00000000   Number         0  adc.o ABSOLUTE
    src\\LEDs.c                              0x00000000   Number         0  leds.o ABSOLUTE
    src\\delay.c                             0x00000000   Number         0  delay.o ABSOLUTE
    src\\i2c.c                               0x00000000   Number         0  i2c.o ABSOLUTE
    src\\main.c                              0x00000000   Number         0  main.o ABSOLUTE
    src\\mma8451.c                           0x00000000   Number         0  mma8451.o ABSOLUTE
    src\\system_MKL25Z4.c                    0x00000000   Number         0  system_mkl25z4.o ABSOLUTE
    src\\timers.c                            0x00000000   Number         0  timers.o ABSOLUTE
    src\delay.c                              0x00000000   Number         0  delay.o ABSOLUTE
    src\i2c.c                                0x00000000   Number         0  i2c.o ABSOLUTE
    src\main.c                               0x00000000   Number         0  main.o ABSOLUTE
    src\mma8451.c                            0x00000000   Number         0  mma8451.o ABSOLUTE
    src\system_MKL25Z4.c                     0x00000000   Number         0  system_mkl25z4.o ABSOLUTE
    src\timers.c                             0x00000000   Number         0  timers.o ABSOLUTE
    startup_MKL25Z4.s                        0x00000000   Number         0  startup_mkl25z4.o ABSOLUTE
    .ARM.Collect$$$$00000000                 0x000000c0   Section        0  entry.o(.ARM.Collect$$$$00000000)
    .ARM.Collect$$$$00000001                 0x000000c0   Section        4  entry2.o(.ARM.Collect$$$$00000001)
    .ARM.Collect$$$$00000004                 0x000000c4   Section        4  entry5.o(.ARM.Collect$$$$00000004)
    .ARM.Collect$$$$00000008                 0x000000c8   Section        0  entry7b.o(.ARM.Collect$$$$00000008)
    .ARM.Collect$$$$0000000A                 0x000000c8   Section        0  entry8b.o(.ARM.Collect$$$$0000000A)
    .ARM.Collect$$$$0000000B                 0x000000c8   Section        8  entry9a.o(.ARM.Collect$$$$0000000B)
    .ARM.Collect$$$$0000000D                 0x000000d0   Section        0  entry10a.o(.ARM.Collect$$$$0000000D)
    .ARM.Collect$$$$0000000F                 0x000000d0   Section        0  entry11a.o(.ARM.Collect$$$$0000000F)
    .ARM.Collect$$$$00002712                 0x000000d0   Section        4  entry2.o(.ARM.Collect$$$$00002712)
    __lit__00000000                          0x000000d0   Data           4  entry2.o(.ARM.Collect$$$$00002712)
    .text                                    0x000000d4   Section       28  startup_mkl25z4.o(.text)
    .text                                    0x000000f0   Section        0  system_mkl25z4.o(.text)
    .text                                    0x0000027c   Section        0  main.o(.text)
    .text                                    0x0000033c   Section        0  leds.o(.text)
    .text                                    0x000003f0   Section        0  ffltui.o(.text)
    .text                                    0x000003fe   Section        0  iusefp.o(.text)
    i.__scatterload_null                     0x000003fe   Section        2  handlers.o(i.__scatterload_null)
    .ARM.__at_0x400                          0x00000400   Section       16  startup_mkl25z4.o(.ARM.__at_0x400)
    .text                                    0x00000410   Section        0  timers.o(.text)
    .text                                    0x000004dc   Section        0  delay.o(.text)
    .text                                    0x000004f4   Section        0  adc.o(.text)
    .text                                    0x00000598   Section        0  i2c.o(.text)
    .text                                    0x00000740   Section        0  mma8451.o(.text)
    .text                                    0x00000a60   Section        0  uidiv.o(.text)
    .text                                    0x00000a8c   Section        0  fadd.o(.text)
    .text                                    0x00000b3e   Section        0  fmul.o(.text)
    .text                                    0x00000bb8   Section        0  fdiv.o(.text)
    .text                                    0x00000c34   Section        0  fscalb.o(.text)
    .text                                    0x00000c4c   Section        0  fflti.o(.text)
    .text                                    0x00000c62   Section        0  fepilogue.o(.text)
    .text                                    0x00000ce4   Section       36  init.o(.text)
    i.__scatterload_copy                     0x00000d08   Section       14  handlers.o(i.__scatterload_copy)
    i.__scatterload_zeroinit                 0x00000d16   Section       14  handlers.o(i.__scatterload_zeroinit)
    .data                                    0x1ffff000   Section        4  system_mkl25z4.o(.data)
    .data                                    0x1ffff004   Section        2  timers.o(.data)
    n                                        0x1ffff005   Data           1  timers.o(.data)
    .data                                    0x1ffff008   Section       32  mma8451.o(.data)
    STACK                                    0x1ffff028   Section     1024  startup_mkl25z4.o(STACK)

    Global Symbols

    Symbol Name                              Value     Ov Type        Size  Object(Section)

    BuildAttributes$$THM_ISAv3M$S$PE$A:L22$X:L11$S22$IEEE1$IW$USESV6$~STKCKD$USESV7$~SHL$OTIME$ROPI$EBA8$MICROLIB$REQ8$PRES8$EABIv2 0x00000000   Number         0  anon$$obj.o ABSOLUTE
    __ARM_use_no_argv                        0x00000000   Number         0  main.o ABSOLUTE
    __Vectors                                0x00000000   Data           4  startup_mkl25z4.o(RESET)
    __cpp_initialize__aeabi_                  - Undefined Weak Reference
    __cxa_finalize                            - Undefined Weak Reference
    __decompress                              - Undefined Weak Reference
    _clock_init                               - Undefined Weak Reference
    _microlib_exit                            - Undefined Weak Reference
    __Vectors_End                            0x000000c0   Data           0  startup_mkl25z4.o(RESET)
    __Vectors_Size                           0x000000c0   Number         0  startup_mkl25z4.o ABSOLUTE
    __main                                   0x000000c1   Thumb Code     0  entry.o(.ARM.Collect$$$$00000000)
    _main_stk                                0x000000c1   Thumb Code     0  entry2.o(.ARM.Collect$$$$00000001)
    _main_scatterload                        0x000000c5   Thumb Code     0  entry5.o(.ARM.Collect$$$$00000004)
    __main_after_scatterload                 0x000000c9   Thumb Code     0  entry5.o(.ARM.Collect$$$$00000004)
    _main_clock                              0x000000c9   Thumb Code     0  entry7b.o(.ARM.Collect$$$$00000008)
    _main_cpp_init                           0x000000c9   Thumb Code     0  entry8b.o(.ARM.Collect$$$$0000000A)
    _main_init                               0x000000c9   Thumb Code     0  entry9a.o(.ARM.Collect$$$$0000000B)
    __rt_final_cpp                           0x000000d1   Thumb Code     0  entry10a.o(.ARM.Collect$$$$0000000D)
    __rt_final_exit                          0x000000d1   Thumb Code     0  entry11a.o(.ARM.Collect$$$$0000000F)
    Reset_Handler                            0x000000d5   Thumb Code     8  startup_mkl25z4.o(.text)
    NMI_Handler                              0x000000dd   Thumb Code     2  startup_mkl25z4.o(.text)
    HardFault_Handler                        0x000000df   Thumb Code     2  startup_mkl25z4.o(.text)
    SVC_Handler                              0x000000e1   Thumb Code     2  startup_mkl25z4.o(.text)
    PendSV_Handler                           0x000000e3   Thumb Code     2  startup_mkl25z4.o(.text)
    SysTick_Handler                          0x000000e5   Thumb Code     2  startup_mkl25z4.o(.text)
    ADC0_IRQHandler                          0x000000e7   Thumb Code     0  startup_mkl25z4.o(.text)
    CMP0_IRQHandler                          0x000000e7   Thumb Code     0  startup_mkl25z4.o(.text)
    DAC0_IRQHandler                          0x000000e7   Thumb Code     0  startup_mkl25z4.o(.text)
    DMA0_IRQHandler                          0x000000e7   Thumb Code     0  startup_mkl25z4.o(.text)
    DMA1_IRQHandler                          0x000000e7   Thumb Code     0  startup_mkl25z4.o(.text)
    DMA2_IRQHandler                          0x000000e7   Thumb Code     0  startup_mkl25z4.o(.text)
    DMA3_IRQHandler                          0x000000e7   Thumb Code     0  startup_mkl25z4.o(.text)
    DefaultISR                               0x000000e7   Thumb Code     0  startup_mkl25z4.o(.text)
    FTFA_IRQHandler                          0x000000e7   Thumb Code     0  startup_mkl25z4.o(.text)
    I2C0_IRQHandler                          0x000000e7   Thumb Code     0  startup_mkl25z4.o(.text)
    I2C1_IRQHandler                          0x000000e7   Thumb Code     0  startup_mkl25z4.o(.text)
    LLW_IRQHandler                           0x000000e7   Thumb Code     0  startup_mkl25z4.o(.text)
    LVD_LVW_IRQHandler                       0x000000e7   Thumb Code     0  startup_mkl25z4.o(.text)
    MCG_IRQHandler                           0x000000e7   Thumb Code     0  startup_mkl25z4.o(.text)
    PIT_IRQHandler                           0x000000e7   Thumb Code     0  startup_mkl25z4.o(.text)
    PORTA_IRQHandler                         0x000000e7   Thumb Code     0  startup_mkl25z4.o(.text)
    PORTD_IRQHandler                         0x000000e7   Thumb Code     0  startup_mkl25z4.o(.text)
    RTC_IRQHandler                           0x000000e7   Thumb Code     0  startup_mkl25z4.o(.text)
    RTC_Seconds_IRQHandler                   0x000000e7   Thumb Code     0  startup_mkl25z4.o(.text)
    Reserved20_IRQHandler                    0x000000e7   Thumb Code     0  startup_mkl25z4.o(.text)
    Reserved39_IRQHandler                    0x000000e7   Thumb Code     0  startup_mkl25z4.o(.text)
    Reserved45_IRQHandler                    0x000000e7   Thumb Code     0  startup_mkl25z4.o(.text)
    SPI0_IRQHandler                          0x000000e7   Thumb Code     0  startup_mkl25z4.o(.text)
    SPI1_IRQHandler                          0x000000e7   Thumb Code     0  startup_mkl25z4.o(.text)
    TPM0_IRQHandler                          0x000000e7   Thumb Code     0  startup_mkl25z4.o(.text)
    TPM1_IRQHandler                          0x000000e7   Thumb Code     0  startup_mkl25z4.o(.text)
    TPM2_IRQHandler                          0x000000e7   Thumb Code     0  startup_mkl25z4.o(.text)
    TSI0_IRQHandler                          0x000000e7   Thumb Code     0  startup_mkl25z4.o(.text)
    UART0_IRQHandler                         0x000000e7   Thumb Code     0  startup_mkl25z4.o(.text)
    UART1_IRQHandler                         0x000000e7   Thumb Code     0  startup_mkl25z4.o(.text)
    UART2_IRQHandler                         0x000000e7   Thumb Code     0  startup_mkl25z4.o(.text)
    USB0_IRQHandler                          0x000000e7   Thumb Code     0  startup_mkl25z4.o(.text)
    SystemInit                               0x000000f1   Thumb Code   120  system_mkl25z4.o(.text)
    SystemCoreClockUpdate                    0x00000169   Thumb Code   224  system_mkl25z4.o(.text)
    Init_Debug_Signals                       0x0000027d   Thumb Code    50  main.o(.text)
    main                                     0x000002af   Thumb Code   118  main.o(.text)
    Control_RGB_LEDs                         0x0000033d   Thumb Code    52  leds.o(.text)
    Init_RGB_LEDs                            0x00000371   Thumb Code   108  leds.o(.text)
    __aeabi_ui2f                             0x000003f1   Thumb Code    14  ffltui.o(.text)
    __I$use$fp                               0x000003ff   Thumb Code     0  iusefp.o(.text)
    __scatterload_null                       0x000003ff   Thumb Code     2  handlers.o(i.__scatterload_null)
    Init_LPTMR                               0x00000411   Thumb Code    46  timers.o(.text)
    Start_LPTMR                              0x0000043f   Thumb Code    12  timers.o(.text)
    Stop_LPTMR                               0x0000044b   Thumb Code    12  timers.o(.text)
    LPTimer_IRQHandler                       0x00000457   Thumb Code   104  timers.o(.text)
    Delay                                    0x000004dd   Thumb Code    20  delay.o(.text)
    Init_ADC                                 0x000004f5   Thumb Code    34  adc.o(.text)
    Measure_VIn                              0x00000517   Thumb Code    76  adc.o(.text)
    Measure_VRef                             0x00000563   Thumb Code    34  adc.o(.text)
    i2c_init                                 0x00000599   Thumb Code    52  i2c.o(.text)
    i2c_start                                0x000005cd   Thumb Code    20  i2c.o(.text)
    i2c_wait                                 0x000005e1   Thumb Code    18  i2c.o(.text)
    i2c_read_setup                           0x000005f3   Thumb Code    72  i2c.o(.text)
    i2c_repeated_read                        0x0000063b   Thumb Code    52  i2c.o(.text)
    i2c_read_byte                            0x0000066f   Thumb Code   120  i2c.o(.text)
    i2c_write_byte                           0x000006e7   Thumb Code    76  i2c.o(.text)
    init_mma                                 0x00000741   Thumb Code    54  mma8451.o(.text)
    read_fake_xyz                            0x00000777   Thumb Code    12  mma8451.o(.text)
    update_previous_acc                      0x00000783   Thumb Code    16  mma8451.o(.text)
    read_full_xyz                            0x00000793   Thumb Code   146  mma8451.o(.text)
    read_xyz                                 0x00000825   Thumb Code    42  mma8451.o(.text)
    sqrt_approx                              0x0000084f   Thumb Code    76  mma8451.o(.text)
    atan2_approximation1                     0x0000089b   Thumb Code   126  mma8451.o(.text)
    convert_xyz_to_roll_pitch                0x00000919   Thumb Code   234  mma8451.o(.text)
    arctan_approx                            0x00000a03   Thumb Code    60  mma8451.o(.text)
    __aeabi_uidiv                            0x00000a61   Thumb Code     0  uidiv.o(.text)
    __aeabi_uidivmod                         0x00000a61   Thumb Code    44  uidiv.o(.text)
    __aeabi_fadd                             0x00000a8d   Thumb Code   162  fadd.o(.text)
    __aeabi_fsub                             0x00000b2f   Thumb Code     8  fadd.o(.text)
    __aeabi_frsub                            0x00000b37   Thumb Code     8  fadd.o(.text)
    __aeabi_fmul                             0x00000b3f   Thumb Code   122  fmul.o(.text)
    __aeabi_fdiv                             0x00000bb9   Thumb Code   124  fdiv.o(.text)
    __ARM_scalbnf                            0x00000c35   Thumb Code    24  fscalb.o(.text)
    scalbnf                                  0x00000c35   Thumb Code     0  fscalb.o(.text)
    __aeabi_i2f                              0x00000c4d   Thumb Code    22  fflti.o(.text)
    _float_round                             0x00000c63   Thumb Code    16  fepilogue.o(.text)
    _float_epilogue                          0x00000c73   Thumb Code   114  fepilogue.o(.text)
    __scatterload                            0x00000ce5   Thumb Code    28  init.o(.text)
    __scatterload_rt2                        0x00000ce5   Thumb Code     0  init.o(.text)
    __scatterload_copy                       0x00000d09   Thumb Code    14  handlers.o(i.__scatterload_copy)
    __scatterload_zeroinit                   0x00000d17   Thumb Code    14  handlers.o(i.__scatterload_zeroinit)
    Region$$Table$$Base                      0x00000d24   Number         0  anon$$obj.o(Region$$Table)
    Region$$Table$$Limit                     0x00000d44   Number         0  anon$$obj.o(Region$$Table)
    SystemCoreClock                          0x1ffff000   Data           4  system_mkl25z4.o(.data)
    pwr_mode                                 0x1ffff004   Data           1  timers.o(.data)
    acc_X                                    0x1ffff008   Data           2  mma8451.o(.data)
    acc_Y                                    0x1ffff00a   Data           2  mma8451.o(.data)
    acc_Z                                    0x1ffff00c   Data           2  mma8451.o(.data)
    p_acc_X                                  0x1ffff00e   Data           2  mma8451.o(.data)
    p_acc_Y                                  0x1ffff010   Data           2  mma8451.o(.data)
    p_acc_Z                                  0x1ffff012   Data           2  mma8451.o(.data)
    roll                                     0x1ffff014   Data           4  mma8451.o(.data)
    pitch                                    0x1ffff018   Data           4  mma8451.o(.data)
    ax                                       0x1ffff01c   Data           4  mma8451.o(.data)
    ay                                       0x1ffff020   Data           4  mma8451.o(.data)
    az                                       0x1ffff024   Data           4  mma8451.o(.data)
    __initial_sp                             0x1ffff428   Data           0  startup_mkl25z4.o(STACK)



==============================================================================

Memory Map of the image

  Image Entry point : 0x000000c1

  Load Region LR_IROM1 (Base: 0x00000000, Size: 0x00000d6c, Max: 0x00020000, ABSOLUTE)

    Execution Region ER_IROM1 (Base: 0x00000000, Size: 0x00000d44, Max: 0x00020000, ABSOLUTE)

    Base Addr    Size         Type   Attr      Idx    E Section Name        Object

    0x00000000   0x000000c0   Data   RO            3    RESET               startup_mkl25z4.o
    0x000000c0   0x00000000   Code   RO          269  * .ARM.Collect$$$$00000000  mc_p.l(entry.o)
    0x000000c0   0x00000004   Code   RO          286    .ARM.Collect$$$$00000001  mc_p.l(entry2.o)
    0x000000c4   0x00000004   Code   RO          289    .ARM.Collect$$$$00000004  mc_p.l(entry5.o)
    0x000000c8   0x00000000   Code   RO          291    .ARM.Collect$$$$00000008  mc_p.l(entry7b.o)
    0x000000c8   0x00000000   Code   RO          293    .ARM.Collect$$$$0000000A  mc_p.l(entry8b.o)
    0x000000c8   0x00000008   Code   RO          294    .ARM.Collect$$$$0000000B  mc_p.l(entry9a.o)
    0x000000d0   0x00000000   Code   RO          296    .ARM.Collect$$$$0000000D  mc_p.l(entry10a.o)
    0x000000d0   0x00000000   Code   RO          298    .ARM.Collect$$$$0000000F  mc_p.l(entry11a.o)
    0x000000d0   0x00000004   Code   RO          287    .ARM.Collect$$$$00002712  mc_p.l(entry2.o)
    0x000000d4   0x0000001c   Code   RO            5    .text               startup_mkl25z4.o
    0x000000f0   0x0000018c   Code   RO           15    .text               system_mkl25z4.o
    0x0000027c   0x000000c0   Code   RO           57    .text               main.o
    0x0000033c   0x000000b4   Code   RO          119    .text               leds.o
    0x000003f0   0x0000000e   Code   RO          284    .text               mf_p.l(ffltui.o)
    0x000003fe   0x00000000   Code   RO          300    .text               mc_p.l(iusefp.o)
    0x000003fe   0x00000002   Code   RO          308    i.__scatterload_null  mc_p.l(handlers.o)
    0x00000400   0x00000010   Code   RO            4    .ARM.__at_0x400     startup_mkl25z4.o
    0x00000410   0x000000cc   Code   RO          140    .text               timers.o
    0x000004dc   0x00000018   Code   RO          170    .text               delay.o
    0x000004f4   0x000000a4   Code   RO          190    .text               adc.o
    0x00000598   0x000001a8   Code   RO          210    .text               i2c.o
    0x00000740   0x00000320   Code   RO          234    .text               mma8451.o
    0x00000a60   0x0000002c   Code   RO          272    .text               mc_p.l(uidiv.o)
    0x00000a8c   0x000000b2   Code   RO          274    .text               mf_p.l(fadd.o)
    0x00000b3e   0x0000007a   Code   RO          276    .text               mf_p.l(fmul.o)
    0x00000bb8   0x0000007c   Code   RO          278    .text               mf_p.l(fdiv.o)
    0x00000c34   0x00000018   Code   RO          280    .text               mf_p.l(fscalb.o)
    0x00000c4c   0x00000016   Code   RO          282    .text               mf_p.l(fflti.o)
    0x00000c62   0x00000082   Code   RO          301    .text               mf_p.l(fepilogue.o)
    0x00000ce4   0x00000024   Code   RO          303    .text               mc_p.l(init.o)
    0x00000d08   0x0000000e   Code   RO          307    i.__scatterload_copy  mc_p.l(handlers.o)
    0x00000d16   0x0000000e   Code   RO          309    i.__scatterload_zeroinit  mc_p.l(handlers.o)
    0x00000d24   0x00000020   Data   RO          305    Region$$Table       anon$$obj.o


    Execution Region RW_IRAM1 (Base: 0x1ffff000, Size: 0x00000428, Max: 0x00001000, ABSOLUTE)

    Base Addr    Size         Type   Attr      Idx    E Section Name        Object

    0x1ffff000   0x00000004   Data   RW           16    .data               system_mkl25z4.o
    0x1ffff004   0x00000002   Data   RW          141    .data               timers.o
    0x1ffff006   0x00000002   PAD
    0x1ffff008   0x00000020   Data   RW          235    .data               mma8451.o
    0x1ffff028   0x00000400   Zero   RW            1    STACK               startup_mkl25z4.o


==============================================================================

Image component sizes


      Code (inc. data)   RO Data    RW Data    ZI Data      Debug   Object Name

       164         20          0          0          0       1044   adc.o
        24          4          0          0          0        960   delay.o
       424         14          0          0          0       2398   i2c.o
       180         20          0          0          0       1487   leds.o
       192         24          0          0          0       1384   main.o
       800         34          0         32          0       3632   mma8451.o
        44         24        192          0       1024       1056   startup_mkl25z4.o
       396         60          0          4          0      98857   system_mkl25z4.o
       204         30          0          2          0       7348   timers.o

    ----------------------------------------------------------------------
      2428        230        224         40       1024     118166   Object Totals
         0          0         32          0          0          0   (incl. Generated)
         0          0          0          2          0          0   (incl. Padding)

    ----------------------------------------------------------------------

      Code (inc. data)   RO Data    RW Data    ZI Data      Debug   Library Member Name

         0          0          0          0          0          0   entry.o
         0          0          0          0          0          0   entry10a.o
         0          0          0          0          0          0   entry11a.o
         8          4          0          0          0          0   entry2.o
         4          0          0          0          0          0   entry5.o
         0          0          0          0          0          0   entry7b.o
         0          0          0          0          0          0   entry8b.o
         8          4          0          0          0          0   entry9a.o
        30          0          0          0          0          0   handlers.o
        36          8          0          0          0         68   init.o
         0          0          0          0          0          0   iusefp.o
        44          0          0          0          0         72   uidiv.o
       178          0          0          0          0        108   fadd.o
       124          0          0          0          0         72   fdiv.o
       130          0          0          0          0        144   fepilogue.o
        22          0          0          0          0         68   fflti.o
        14          0          0          0          0         68   ffltui.o
       122          0          0          0          0         72   fmul.o
        24          0          0          0          0         60   fscalb.o

    ----------------------------------------------------------------------
       744         16          0          0          0        732   Library Totals
         0          0          0          0          0          0   (incl. Padding)

    ----------------------------------------------------------------------

      Code (inc. data)   RO Data    RW Data    ZI Data      Debug   Library Name

       130         16          0          0          0        140   mc_p.l
       614          0          0          0          0        592   mf_p.l

    ----------------------------------------------------------------------
       744         16          0          0          0        732   Library Totals

    ----------------------------------------------------------------------

==============================================================================


      Code (inc. data)   RO Data    RW Data    ZI Data      Debug   

      3172        246        224         40       1024     118126   Grand Totals
      3172        246        224         40       1024     118126   ELF Image Totals
      3172        246        224         40          0          0   ROM Totals

==============================================================================

    Total RO  Size (Code + RO Data)                 3396 (   3.32kB)
    Total RW  Size (RW Data + ZI Data)              1064 (   1.04kB)
    Total ROM Size (Code + RO Data + RW Data)       3436 (   3.36kB)

==============================================================================

